
*** Running vivado
    with args -log neural_net_top.vds -m64 -product Vivado -mode batch -messageDb vivado.pb -notrace -source neural_net_top.tcl



****** Vivado v2025.2 (64-bit)
  **** SW Build 6299465 on Fri Nov 14 19:35:11 GMT 2025
  **** IP Build 6300035 on Fri Nov 14 10:48:45 MST 2025
  **** SharedData Build 6298862 on Thu Nov 13 04:50:51 MST 2025
  **** Start of session at: Tue Aug 18 15:03:08 2026
    ** Copyright 1986-2022 Xilinx, Inc. All Rights Reserved.
    ** Copyright 2022-2025 Advanced Micro Devices, Inc. All Rights Reserved.

source neural_net_top.tcl -notrace
create_project: Time (s): cpu = 00:00:07 ; elapsed = 00:00:07 . Memory (MB): peak = 540.922 ; gain = 218.750
Command: read_checkpoint -auto_incremental -incremental E:/VerilogProjects/Digit_Classification_FFN/Digit_Classification_FFN.srcs/utils_1/imports/synth_1/neural_net_top.dcp
INFO: [Vivado 12-5825] Read reference checkpoint from E:/VerilogProjects/Digit_Classification_FFN/Digit_Classification_FFN.srcs/utils_1/imports/synth_1/neural_net_top.dcp for incremental synthesis
INFO: [Vivado 12-7989] Please ensure there are no constraint changes
Command: synth_design -top neural_net_top -part xczu5eg-sfvc784-1-e
Starting synth_design
Attempting to get a license for feature 'Synthesis' and/or device 'xczu5eg'
INFO: [Common 17-349] Got license for feature 'Synthesis' and/or device 'xczu5eg'
INFO: [Designutils 20-5440] No compile time benefit to using incremental synthesis; A full resynthesis will be run
INFO: [Designutils 20-4379] Flow is switching to default flow due to incremental criteria not met. If you would like to alter this behaviour and have the flow terminate instead, please set the following parameter config_implementation {autoIncr.Synth.RejectBehavior Terminate}
INFO: [Synth 8-7079] Multithreading enabled for synth_design using a maximum of 2 processes.
INFO: [Synth 8-7078] Launching helper process for spawning children vivado processes
INFO: [Synth 8-7075] Helper process launched with PID 33928
---------------------------------------------------------------------------------
Starting Synthesize : Time (s): cpu = 00:00:03 ; elapsed = 00:00:05 . Memory (MB): peak = 1108.773 ; gain = 531.434
---------------------------------------------------------------------------------
INFO: [Synth 8-6157] synthesizing module 'neural_net_top' [E:/VerilogProjects/Digit_Classification_FFN/Digit_Classification_FFN.srcs/sources_1/new/neural_net_top.sv:23]
INFO: [Synth 8-6157] synthesizing module 'avg_pooling_layer' [E:/VerilogProjects/Digit_Classification_FFN/Digit_Classification_FFN.srcs/sources_1/new/avg_pooling_layer.sv:23]
INFO: [Synth 8-6157] synthesizing module 'avg_pooling' [E:/VerilogProjects/Digit_Classification_FFN/Digit_Classification_FFN.srcs/sources_1/new/avg_pooling.sv:23]
INFO: [Synth 8-6155] done synthesizing module 'avg_pooling' (0#1) [E:/VerilogProjects/Digit_Classification_FFN/Digit_Classification_FFN.srcs/sources_1/new/avg_pooling.sv:23]
INFO: [Synth 8-6155] done synthesizing module 'avg_pooling_layer' (0#1) [E:/VerilogProjects/Digit_Classification_FFN/Digit_Classification_FFN.srcs/sources_1/new/avg_pooling_layer.sv:23]
INFO: [Synth 8-6157] synthesizing module 'dense_layer1' [E:/VerilogProjects/Digit_Classification_FFN/Digit_Classification_FFN.srcs/sources_1/new/dense_layer1.sv:23]
INFO: [Synth 8-6157] synthesizing module 'relu' [E:/VerilogProjects/Digit_Classification_FFN/Digit_Classification_FFN.srcs/sources_1/new/relu.sv:23]
INFO: [Synth 8-6155] done synthesizing module 'relu' (0#1) [E:/VerilogProjects/Digit_Classification_FFN/Digit_Classification_FFN.srcs/sources_1/new/relu.sv:23]
INFO: [Synth 8-6157] synthesizing module 'dense_layer' [E:/VerilogProjects/Digit_Classification_FFN/Digit_Classification_FFN.srcs/sources_1/new/dense_layer.sv:23]
	Parameter NEURON_NB bound to: 32 - type: integer 
	Parameter IN_SIZE bound to: 196 - type: integer 
	Parameter WIDTH bound to: 8 - type: integer 
INFO: [Synth 8-6157] synthesizing module 'neuron' [E:/VerilogProjects/Digit_Classification_FFN/Digit_Classification_FFN.srcs/sources_1/new/neuron.sv:23]
	Parameter IN_SIZE bound to: 196 - type: integer 
	Parameter WIDTH bound to: 8 - type: integer 
INFO: [Synth 8-6155] done synthesizing module 'neuron' (0#1) [E:/VerilogProjects/Digit_Classification_FFN/Digit_Classification_FFN.srcs/sources_1/new/neuron.sv:23]
INFO: [Synth 8-6155] done synthesizing module 'dense_layer' (0#1) [E:/VerilogProjects/Digit_Classification_FFN/Digit_Classification_FFN.srcs/sources_1/new/dense_layer.sv:23]
INFO: [Synth 8-6155] done synthesizing module 'dense_layer1' (0#1) [E:/VerilogProjects/Digit_Classification_FFN/Digit_Classification_FFN.srcs/sources_1/new/dense_layer1.sv:23]
INFO: [Synth 8-6157] synthesizing module 'dense_layer2' [E:/VerilogProjects/Digit_Classification_FFN/Digit_Classification_FFN.srcs/sources_1/new/dense_layer2.sv:23]
INFO: [Synth 8-6157] synthesizing module 'dense_layer__parameterized0' [E:/VerilogProjects/Digit_Classification_FFN/Digit_Classification_FFN.srcs/sources_1/new/dense_layer.sv:23]
	Parameter NEURON_NB bound to: 10 - type: integer 
	Parameter IN_SIZE bound to: 32 - type: integer 
	Parameter WIDTH bound to: 8 - type: integer 
INFO: [Synth 8-6157] synthesizing module 'neuron__parameterized0' [E:/VerilogProjects/Digit_Classification_FFN/Digit_Classification_FFN.srcs/sources_1/new/neuron.sv:23]
	Parameter IN_SIZE bound to: 32 - type: integer 
	Parameter WIDTH bound to: 8 - type: integer 
INFO: [Synth 8-6155] done synthesizing module 'neuron__parameterized0' (0#1) [E:/VerilogProjects/Digit_Classification_FFN/Digit_Classification_FFN.srcs/sources_1/new/neuron.sv:23]
INFO: [Synth 8-6155] done synthesizing module 'dense_layer__parameterized0' (0#1) [E:/VerilogProjects/Digit_Classification_FFN/Digit_Classification_FFN.srcs/sources_1/new/dense_layer.sv:23]
INFO: [Synth 8-6155] done synthesizing module 'dense_layer2' (0#1) [E:/VerilogProjects/Digit_Classification_FFN/Digit_Classification_FFN.srcs/sources_1/new/dense_layer2.sv:23]
INFO: [Synth 8-6157] synthesizing module 'select_max' [E:/VerilogProjects/Digit_Classification_FFN/Digit_Classification_FFN.srcs/sources_1/new/select_max.sv:23]
INFO: [Synth 8-6155] done synthesizing module 'select_max' (0#1) [E:/VerilogProjects/Digit_Classification_FFN/Digit_Classification_FFN.srcs/sources_1/new/select_max.sv:23]
INFO: [Synth 8-6155] done synthesizing module 'neural_net_top' (0#1) [E:/VerilogProjects/Digit_Classification_FFN/Digit_Classification_FFN.srcs/sources_1/new/neural_net_top.sv:23]
WARNING: [Synth 8-6014] Unused sequential element max_val_reg was removed.  [E:/VerilogProjects/Digit_Classification_FFN/Digit_Classification_FFN.srcs/sources_1/new/select_max.sv:38]
---------------------------------------------------------------------------------
Finished Synthesize : Time (s): cpu = 00:00:09 ; elapsed = 00:00:11 . Memory (MB): peak = 1944.246 ; gain = 1366.906
---------------------------------------------------------------------------------
---------------------------------------------------------------------------------
Finished Constraint Validation : Time (s): cpu = 00:00:10 ; elapsed = 00:00:12 . Memory (MB): peak = 1944.246 ; gain = 1366.906
---------------------------------------------------------------------------------
---------------------------------------------------------------------------------
Start Loading Part and Timing Information
---------------------------------------------------------------------------------
Loading part: xczu5eg-sfvc784-1-e
INFO: [Synth 8-6742] Reading net delay rules and data
INFO: [Device 21-403] Loading part xczu5eg-sfvc784-1-e
---------------------------------------------------------------------------------
Finished Loading Part and Timing Information : Time (s): cpu = 00:00:10 ; elapsed = 00:00:12 . Memory (MB): peak = 1944.246 ; gain = 1366.906
---------------------------------------------------------------------------------
---------------------------------------------------------------------------------
Finished RTL Optimization Phase 2 : Time (s): cpu = 00:00:15 ; elapsed = 00:00:15 . Memory (MB): peak = 2119.730 ; gain = 1542.391
---------------------------------------------------------------------------------
No constraint files found.
---------------------------------------------------------------------------------
Start RTL Component Statistics 
---------------------------------------------------------------------------------
Detailed RTL Component Info : 
+---Adders : 
	   2 Input   32 Bit       Adders := 42    
	   4 Input   10 Bit       Adders := 14    
	   2 Input    4 Bit       Adders := 2     
+---Registers : 
	               32 Bit    Registers := 42    
	               16 Bit    Registers := 196   
	                8 Bit    Registers := 1     
	                4 Bit    Registers := 6     
	                1 Bit    Registers := 49    
+---Muxes : 
	   2 Input   32 Bit        Muxes := 84    
	   2 Input   16 Bit        Muxes := 11    
	   2 Input    8 Bit        Muxes := 2     
	   2 Input    4 Bit        Muxes := 1     
	   2 Input    3 Bit        Muxes := 1     
	   3 Input    2 Bit        Muxes := 1     
	   2 Input    2 Bit        Muxes := 1     
	   2 Input    1 Bit        Muxes := 48    
	   3 Input    1 Bit        Muxes := 4     
---------------------------------------------------------------------------------
Finished RTL Component Statistics 
---------------------------------------------------------------------------------
---------------------------------------------------------------------------------
Start Part Resource Summary
---------------------------------------------------------------------------------
Part Resources:
DSPs: 1248 (col length:96)
BRAMs: 288 (col length: RAMB18 96 RAMB36 48)
---------------------------------------------------------------------------------
Finished Part Resource Summary
---------------------------------------------------------------------------------
No constraint files found.
---------------------------------------------------------------------------------
Start Cross Boundary and Area Optimization
---------------------------------------------------------------------------------
DSP Report: Generating DSP out_reg, operation Mode is: (P+A*B)'.
DSP Report: register out_reg is absorbed into DSP out_reg.
DSP Report: operator out0 is absorbed into DSP out_reg.
DSP Report: operator product_w is absorbed into DSP out_reg.
DSP Report: Generating DSP out_reg, operation Mode is: (P+A*B)'.
DSP Report: register out_reg is absorbed into DSP out_reg.
DSP Report: operator out0 is absorbed into DSP out_reg.
DSP Report: operator product_w is absorbed into DSP out_reg.
DSP Report: Generating DSP out_reg, operation Mode is: (P+A*B)'.
DSP Report: register out_reg is absorbed into DSP out_reg.
DSP Report: operator out0 is absorbed into DSP out_reg.
DSP Report: operator product_w is absorbed into DSP out_reg.
DSP Report: Generating DSP out_reg, operation Mode is: (P+A*B)'.
DSP Report: register out_reg is absorbed into DSP out_reg.
DSP Report: operator out0 is absorbed into DSP out_reg.
DSP Report: operator product_w is absorbed into DSP out_reg.
DSP Report: Generating DSP out_reg, operation Mode is: (P+A*B)'.
DSP Report: register out_reg is absorbed into DSP out_reg.
DSP Report: operator out0 is absorbed into DSP out_reg.
DSP Report: operator product_w is absorbed into DSP out_reg.
DSP Report: Generating DSP out_reg, operation Mode is: (P+A*B)'.
DSP Report: register out_reg is absorbed into DSP out_reg.
DSP Report: operator out0 is absorbed into DSP out_reg.
DSP Report: operator product_w is absorbed into DSP out_reg.
DSP Report: Generating DSP out_reg, operation Mode is: (P+A*B)'.
DSP Report: register out_reg is absorbed into DSP out_reg.
DSP Report: operator out0 is absorbed into DSP out_reg.
DSP Report: operator product_w is absorbed into DSP out_reg.
DSP Report: Generating DSP out_reg, operation Mode is: (P+A*B)'.
DSP Report: register out_reg is absorbed into DSP out_reg.
DSP Report: operator out0 is absorbed into DSP out_reg.
DSP Report: operator product_w is absorbed into DSP out_reg.
DSP Report: Generating DSP out_reg, operation Mode is: (P+A*B)'.
DSP Report: register out_reg is absorbed into DSP out_reg.
DSP Report: operator out0 is absorbed into DSP out_reg.
DSP Report: operator product_w is absorbed into DSP out_reg.
DSP Report: Generating DSP out_reg, operation Mode is: (P+A*B)'.
DSP Report: register out_reg is absorbed into DSP out_reg.
DSP Report: operator out0 is absorbed into DSP out_reg.
DSP Report: operator product_w is absorbed into DSP out_reg.
DSP Report: Generating DSP out_reg, operation Mode is: (P+A*B)'.
DSP Report: register out_reg is absorbed into DSP out_reg.
DSP Report: operator out0 is absorbed into DSP out_reg.
DSP Report: operator product_w is absorbed into DSP out_reg.
---------------------------------------------------------------------------------
Finished Cross Boundary and Area Optimization : Time (s): cpu = 00:01:56 ; elapsed = 00:02:46 . Memory (MB): peak = 2557.312 ; gain = 1979.973
---------------------------------------------------------------------------------
 Sort Area is neuron out_reg_0 : 0 0 : 953 953 : Used 32 time 0
 Sort Area is neural_net_top__GC0 out_reg_2 : 0 0 : 953 953 : Used 1 time 0
 Sort Area is neural_net_top__GC0 out_reg_3 : 0 0 : 953 953 : Used 1 time 0
 Sort Area is neural_net_top__GC0 out_reg_4 : 0 0 : 953 953 : Used 1 time 0
 Sort Area is neural_net_top__GC0 out_reg_5 : 0 0 : 953 953 : Used 1 time 0
 Sort Area is neural_net_top__GC0 out_reg_6 : 0 0 : 953 953 : Used 1 time 0
 Sort Area is neural_net_top__GC0 out_reg_7 : 0 0 : 953 953 : Used 1 time 0
 Sort Area is neural_net_top__GC0 out_reg_8 : 0 0 : 953 953 : Used 1 time 0
 Sort Area is neural_net_top__GC0 out_reg_9 : 0 0 : 953 953 : Used 1 time 0
 Sort Area is neural_net_top__GC0 out_reg_a : 0 0 : 953 953 : Used 1 time 0
 Sort Area is neural_net_top__GC0 out_reg_b : 0 0 : 953 953 : Used 1 time 0
---------------------------------------------------------------------------------
Start ROM, RAM, DSP, Shift Register and Retiming Reporting
---------------------------------------------------------------------------------

DSP: Preliminary Mapping Report (see note below. The ' indicates corresponding REG is set)
+------------+-------------+--------+--------+--------+--------+--------+------+------+------+------+-------+------+------+
|Module Name | DSP Mapping | A Size | B Size | C Size | D Size | P Size | AREG | BREG | CREG | DREG | ADREG | MREG | PREG | 
+------------+-------------+--------+--------+--------+--------+--------+------+------+------+------+-------+------+------+
|neuron      | (P+A*B)'    | 16     | 8      | -      | -      | 32     | 0    | 0    | -    | -    | -     | 0    | 1    | 
|neuron      | (P+A*B)'    | 16     | 8      | -      | -      | 32     | 0    | 0    | -    | -    | -     | 0    | 1    | 
|neuron      | (P+A*B)'    | 16     | 8      | -      | -      | 32     | 0    | 0    | -    | -    | -     | 0    | 1    | 
|neuron      | (P+A*B)'    | 16     | 8      | -      | -      | 32     | 0    | 0    | -    | -    | -     | 0    | 1    | 
|neuron      | (P+A*B)'    | 16     | 8      | -      | -      | 32     | 0    | 0    | -    | -    | -     | 0    | 1    | 
|neuron      | (P+A*B)'    | 16     | 8      | -      | -      | 32     | 0    | 0    | -    | -    | -     | 0    | 1    | 
|neuron      | (P+A*B)'    | 16     | 8      | -      | -      | 32     | 0    | 0    | -    | -    | -     | 0    | 1    | 
|neuron      | (P+A*B)'    | 16     | 8      | -      | -      | 32     | 0    | 0    | -    | -    | -     | 0    | 1    | 
|neuron      | (P+A*B)'    | 16     | 8      | -      | -      | 32     | 0    | 0    | -    | -    | -     | 0    | 1    | 
|neuron      | (P+A*B)'    | 16     | 8      | -      | -      | 32     | 0    | 0    | -    | -    | -     | 0    | 1    | 
|neuron      | (P+A*B)'    | 16     | 8      | -      | -      | 32     | 0    | 0    | -    | -    | -     | 0    | 1    | 
+------------+-------------+--------+--------+--------+--------+--------+------+------+------+------+-------+------+------+

Note: The table above is a preliminary report that shows the DSPs inferred at the current stage of the synthesis flow. Some DSP may be reimplemented as non DSP primitives later in the synthesis flow. Multiple instantiated DSPs are reported only once.
---------------------------------------------------------------------------------
Finished ROM, RAM, DSP, Shift Register and Retiming Reporting
---------------------------------------------------------------------------------
No constraint files found.
---------------------------------------------------------------------------------
Start Timing Optimization
---------------------------------------------------------------------------------
---------------------------------------------------------------------------------
Finished Timing Optimization : Time (s): cpu = 00:01:57 ; elapsed = 00:02:47 . Memory (MB): peak = 2557.312 ; gain = 1979.973
---------------------------------------------------------------------------------
---------------------------------------------------------------------------------
Start Technology Mapping
---------------------------------------------------------------------------------
---------------------------------------------------------------------------------
Finished Technology Mapping : Time (s): cpu = 00:02:01 ; elapsed = 00:02:51 . Memory (MB): peak = 2557.312 ; gain = 1979.973
---------------------------------------------------------------------------------
---------------------------------------------------------------------------------
Start IO Insertion
---------------------------------------------------------------------------------
---------------------------------------------------------------------------------
Start Flattening Before IO Insertion
---------------------------------------------------------------------------------
---------------------------------------------------------------------------------
Finished Flattening Before IO Insertion
---------------------------------------------------------------------------------
---------------------------------------------------------------------------------
Start Final Netlist Cleanup
---------------------------------------------------------------------------------
---------------------------------------------------------------------------------
Finished Final Netlist Cleanup
---------------------------------------------------------------------------------
---------------------------------------------------------------------------------
Finished IO Insertion : Time (s): cpu = 00:02:05 ; elapsed = 00:02:55 . Memory (MB): peak = 2557.312 ; gain = 1979.973
---------------------------------------------------------------------------------
---------------------------------------------------------------------------------
Start Renaming Generated Instances
---------------------------------------------------------------------------------
---------------------------------------------------------------------------------
Finished Renaming Generated Instances : Time (s): cpu = 00:02:05 ; elapsed = 00:02:55 . Memory (MB): peak = 2557.312 ; gain = 1979.973
---------------------------------------------------------------------------------
---------------------------------------------------------------------------------
Start Rebuilding User Hierarchy
---------------------------------------------------------------------------------
---------------------------------------------------------------------------------
Finished Rebuilding User Hierarchy : Time (s): cpu = 00:02:06 ; elapsed = 00:02:56 . Memory (MB): peak = 2557.312 ; gain = 1979.973
---------------------------------------------------------------------------------
---------------------------------------------------------------------------------
Start Renaming Generated Ports
---------------------------------------------------------------------------------
---------------------------------------------------------------------------------
Finished Renaming Generated Ports : Time (s): cpu = 00:02:06 ; elapsed = 00:02:56 . Memory (MB): peak = 2557.312 ; gain = 1979.973
---------------------------------------------------------------------------------
---------------------------------------------------------------------------------
Start Handling Custom Attributes
---------------------------------------------------------------------------------
---------------------------------------------------------------------------------
Finished Handling Custom Attributes : Time (s): cpu = 00:02:07 ; elapsed = 00:02:56 . Memory (MB): peak = 2557.312 ; gain = 1979.973
---------------------------------------------------------------------------------
---------------------------------------------------------------------------------
Start Renaming Generated Nets
---------------------------------------------------------------------------------
---------------------------------------------------------------------------------
Finished Renaming Generated Nets : Time (s): cpu = 00:02:07 ; elapsed = 00:02:56 . Memory (MB): peak = 2557.312 ; gain = 1979.973
---------------------------------------------------------------------------------
---------------------------------------------------------------------------------
Start Writing Synthesis Report
---------------------------------------------------------------------------------

DSP Final Report (the ' indicates corresponding REG is set)
+------------+-------------+--------+--------+--------+--------+--------+------+------+------+------+-------+------+------+
|Module Name | DSP Mapping | A Size | B Size | C Size | D Size | P Size | AREG | BREG | CREG | DREG | ADREG | MREG | PREG | 
+------------+-------------+--------+--------+--------+--------+--------+------+------+------+------+-------+------+------+
|neuron      | (P+A*B)'    | 8      | 18     | -      | -      | 32     | 0    | 0    | -    | -    | -     | 0    | 1    | 
|neuron      | (P+A*B)'    | 8      | 18     | -      | -      | 32     | 0    | 0    | -    | -    | -     | 0    | 1    | 
|neuron      | (P+A*B)'    | 8      | 18     | -      | -      | 32     | 0    | 0    | -    | -    | -     | 0    | 1    | 
|neuron      | (P+A*B)'    | 8      | 18     | -      | -      | 32     | 0    | 0    | -    | -    | -     | 0    | 1    | 
|neuron      | (P+A*B)'    | 8      | 18     | -      | -      | 32     | 0    | 0    | -    | -    | -     | 0    | 1    | 
|neuron      | (P+A*B)'    | 8      | 18     | -      | -      | 32     | 0    | 0    | -    | -    | -     | 0    | 1    | 
|neuron      | (P+A*B)'    | 8      | 18     | -      | -      | 32     | 0    | 0    | -    | -    | -     | 0    | 1    | 
|neuron      | (P+A*B)'    | 8      | 18     | -      | -      | 32     | 0    | 0    | -    | -    | -     | 0    | 1    | 
|neuron      | (P+A*B)'    | 8      | 18     | -      | -      | 32     | 0    | 0    | -    | -    | -     | 0    | 1    | 
|neuron      | (P+A*B)'    | 8      | 18     | -      | -      | 32     | 0    | 0    | -    | -    | -     | 0    | 1    | 
|neuron      | (P+A*B)'    | 8      | 18     | -      | -      | 32     | 0    | 0    | -    | -    | -     | 0    | 1    | 
|neuron      | (P+A*B)'    | 8      | 18     | -      | -      | 32     | 0    | 0    | -    | -    | -     | 0    | 1    | 
|neuron      | (P+A*B)'    | 8      | 18     | -      | -      | 32     | 0    | 0    | -    | -    | -     | 0    | 1    | 
|neuron      | (P+A*B)'    | 8      | 18     | -      | -      | 32     | 0    | 0    | -    | -    | -     | 0    | 1    | 
|neuron      | (P+A*B)'    | 8      | 18     | -      | -      | 32     | 0    | 0    | -    | -    | -     | 0    | 1    | 
|neuron      | (P+A*B)'    | 8      | 18     | -      | -      | 32     | 0    | 0    | -    | -    | -     | 0    | 1    | 
|neuron      | (P+A*B)'    | 8      | 18     | -      | -      | 32     | 0    | 0    | -    | -    | -     | 0    | 1    | 
|neuron      | (P+A*B)'    | 8      | 18     | -      | -      | 32     | 0    | 0    | -    | -    | -     | 0    | 1    | 
|neuron      | (P+A*B)'    | 8      | 18     | -      | -      | 32     | 0    | 0    | -    | -    | -     | 0    | 1    | 
|neuron      | (P+A*B)'    | 8      | 18     | -      | -      | 32     | 0    | 0    | -    | -    | -     | 0    | 1    | 
|neuron      | (P+A*B)'    | 8      | 18     | -      | -      | 32     | 0    | 0    | -    | -    | -     | 0    | 1    | 
|neuron      | (P+A*B)'    | 8      | 18     | -      | -      | 32     | 0    | 0    | -    | -    | -     | 0    | 1    | 
|neuron      | (P+A*B)'    | 8      | 18     | -      | -      | 32     | 0    | 0    | -    | -    | -     | 0    | 1    | 
|neuron      | (P+A*B)'    | 8      | 18     | -      | -      | 32     | 0    | 0    | -    | -    | -     | 0    | 1    | 
|neuron      | (P+A*B)'    | 8      | 18     | -      | -      | 32     | 0    | 0    | -    | -    | -     | 0    | 1    | 
|neuron      | (P+A*B)'    | 8      | 18     | -      | -      | 32     | 0    | 0    | -    | -    | -     | 0    | 1    | 
|neuron      | (P+A*B)'    | 8      | 18     | -      | -      | 32     | 0    | 0    | -    | -    | -     | 0    | 1    | 
|neuron      | (P+A*B)'    | 8      | 18     | -      | -      | 32     | 0    | 0    | -    | -    | -     | 0    | 1    | 
|neuron      | (P+A*B)'    | 8      | 18     | -      | -      | 32     | 0    | 0    | -    | -    | -     | 0    | 1    | 
|neuron      | (P+A*B)'    | 8      | 18     | -      | -      | 32     | 0    | 0    | -    | -    | -     | 0    | 1    | 
|neuron      | (P+A*B)'    | 8      | 18     | -      | -      | 32     | 0    | 0    | -    | -    | -     | 0    | 1    | 
|neuron      | (P+A*B)'    | 8      | 18     | -      | -      | 32     | 0    | 0    | -    | -    | -     | 0    | 1    | 
|neuron      | (P+A*B)'    | 30     | 18     | -      | -      | 32     | 0    | 0    | -    | -    | -     | 0    | 1    | 
|neuron      | (P+A*B)'    | 30     | 18     | -      | -      | 32     | 0    | 0    | -    | -    | -     | 0    | 1    | 
|neuron      | (P+A*B)'    | 30     | 18     | -      | -      | 32     | 0    | 0    | -    | -    | -     | 0    | 1    | 
|neuron      | (P+A*B)'    | 30     | 18     | -      | -      | 32     | 0    | 0    | -    | -    | -     | 0    | 1    | 
|neuron      | (P+A*B)'    | 30     | 18     | -      | -      | 32     | 0    | 0    | -    | -    | -     | 0    | 1    | 
|neuron      | (P+A*B)'    | 30     | 18     | -      | -      | 32     | 0    | 0    | -    | -    | -     | 0    | 1    | 
|neuron      | (P+A*B)'    | 30     | 18     | -      | -      | 32     | 0    | 0    | -    | -    | -     | 0    | 1    | 
|neuron      | (P+A*B)'    | 30     | 18     | -      | -      | 32     | 0    | 0    | -    | -    | -     | 0    | 1    | 
|neuron      | (P+A*B)'    | 30     | 18     | -      | -      | 32     | 0    | 0    | -    | -    | -     | 0    | 1    | 
|neuron      | (P+A*B)'    | 30     | 18     | -      | -      | 32     | 0    | 0    | -    | -    | -     | 0    | 1    | 
+------------+-------------+--------+--------+--------+--------+--------+------+------+------+------+-------+------+------+


Report BlackBoxes: 
+-+--------------+----------+
| |BlackBox name |Instances |
+-+--------------+----------+
+-+--------------+----------+

Report Cell Usage: 
+------+--------+------+
|      |Cell    |Count |
+------+--------+------+
|1     |BUFG    |     1|
|2     |CARRY8  |   504|
|3     |DSP48E2 |    42|
|4     |LUT1    |    92|
|5     |LUT2    |  1894|
|6     |LUT3    |  2106|
|7     |LUT4    |   262|
|8     |LUT5    |   504|
|9     |LUT6    | 18404|
|10    |MUXF7   |  8244|
|11    |MUXF8   |  3695|
|12    |FDRE    |  2999|
|13    |FDSE    |     1|
|14    |IBUF    |  6275|
|15    |OBUF    |     9|
+------+--------+------+

Report Instance Areas: 
+------+-----------------------------+----------------------------+------+
|      |Instance                     |Module                      |Cells |
+------+-----------------------------+----------------------------+------+
|1     |top                          |                            | 45032|
|2     |  AvgPoolingLayer            |avg_pooling_layer           | 28414|
|3     |    \pool_pe[0].AvgPooling   |avg_pooling                 |   245|
|4     |    \pool_pe[10].AvgPooling  |avg_pooling_81              |   253|
|5     |    \pool_pe[11].AvgPooling  |avg_pooling_82              |   253|
|6     |    \pool_pe[12].AvgPooling  |avg_pooling_83              |   253|
|7     |    \pool_pe[13].AvgPooling  |avg_pooling_84              |   221|
|8     |    \pool_pe[1].AvgPooling   |avg_pooling_85              |   251|
|9     |    \pool_pe[2].AvgPooling   |avg_pooling_86              |   253|
|10    |    \pool_pe[3].AvgPooling   |avg_pooling_87              |   251|
|11    |    \pool_pe[4].AvgPooling   |avg_pooling_88              |   253|
|12    |    \pool_pe[5].AvgPooling   |avg_pooling_89              |   253|
|13    |    \pool_pe[6].AvgPooling   |avg_pooling_90              |   253|
|14    |    \pool_pe[7].AvgPooling   |avg_pooling_91              |   253|
|15    |    \pool_pe[8].AvgPooling   |avg_pooling_92              |   253|
|16    |    \pool_pe[9].AvgPooling   |avg_pooling_93              |   253|
|17    |  layer2                     |dense_layer1                |  8366|
|18    |    dense_layer1             |dense_layer                 |  8302|
|19    |      \dense_neuron[0]       |neuron                      |   185|
|20    |      \dense_neuron[10]      |neuron_50                   |   185|
|21    |      \dense_neuron[11]      |neuron_51                   |   509|
|22    |      \dense_neuron[12]      |neuron_52                   |   204|
|23    |      \dense_neuron[13]      |neuron_53                   |   224|
|24    |      \dense_neuron[14]      |neuron_54                   |   197|
|25    |      \dense_neuron[15]      |neuron_55                   |   353|
|26    |      \dense_neuron[16]      |neuron_56                   |   197|
|27    |      \dense_neuron[17]      |neuron_57                   |   197|
|28    |      \dense_neuron[18]      |neuron_58                   |   191|
|29    |      \dense_neuron[19]      |neuron_59                   |   519|
|30    |      \dense_neuron[1]       |neuron_60                   |   186|
|31    |      \dense_neuron[20]      |neuron_61                   |   208|
|32    |      \dense_neuron[21]      |neuron_62                   |   203|
|33    |      \dense_neuron[22]      |neuron_63                   |   182|
|34    |      \dense_neuron[23]      |neuron_64                   |   344|
|35    |      \dense_neuron[24]      |neuron_65                   |   196|
|36    |      \dense_neuron[25]      |neuron_66                   |   200|
|37    |      \dense_neuron[26]      |neuron_67                   |   191|
|38    |      \dense_neuron[27]      |neuron_68                   |   665|
|39    |      \dense_neuron[28]      |neuron_69                   |   191|
|40    |      \dense_neuron[29]      |neuron_70                   |   190|
|41    |      \dense_neuron[2]       |neuron_71                   |   193|
|42    |      \dense_neuron[30]      |neuron_72                   |   196|
|43    |      \dense_neuron[31]      |neuron_73                   |   357|
|44    |      \dense_neuron[3]       |neuron_74                   |   518|
|45    |      \dense_neuron[4]       |neuron_75                   |   207|
|46    |      \dense_neuron[5]       |neuron_76                   |   183|
|47    |      \dense_neuron[6]       |neuron_77                   |   191|
|48    |      \dense_neuron[7]       |neuron_78                   |   350|
|49    |      \dense_neuron[8]       |neuron_79                   |   197|
|50    |      \dense_neuron[9]       |neuron_80                   |   192|
|51    |    \relu_gen[0].relu_inst   |relu_18                     |     2|
|52    |    \relu_gen[10].relu_inst  |relu_19                     |     2|
|53    |    \relu_gen[11].relu_inst  |relu_20                     |     2|
|54    |    \relu_gen[12].relu_inst  |relu_21                     |     2|
|55    |    \relu_gen[13].relu_inst  |relu_22                     |     2|
|56    |    \relu_gen[14].relu_inst  |relu_23                     |     2|
|57    |    \relu_gen[15].relu_inst  |relu_24                     |     2|
|58    |    \relu_gen[16].relu_inst  |relu_25                     |     2|
|59    |    \relu_gen[17].relu_inst  |relu_26                     |     2|
|60    |    \relu_gen[18].relu_inst  |relu_27                     |     2|
|61    |    \relu_gen[19].relu_inst  |relu_28                     |     2|
|62    |    \relu_gen[1].relu_inst   |relu_29                     |     2|
|63    |    \relu_gen[20].relu_inst  |relu_30                     |     2|
|64    |    \relu_gen[21].relu_inst  |relu_31                     |     2|
|65    |    \relu_gen[22].relu_inst  |relu_32                     |     2|
|66    |    \relu_gen[23].relu_inst  |relu_33                     |     2|
|67    |    \relu_gen[24].relu_inst  |relu_34                     |     2|
|68    |    \relu_gen[25].relu_inst  |relu_35                     |     2|
|69    |    \relu_gen[26].relu_inst  |relu_36                     |     2|
|70    |    \relu_gen[27].relu_inst  |relu_37                     |     2|
|71    |    \relu_gen[28].relu_inst  |relu_38                     |     2|
|72    |    \relu_gen[29].relu_inst  |relu_39                     |     2|
|73    |    \relu_gen[2].relu_inst   |relu_40                     |     2|
|74    |    \relu_gen[30].relu_inst  |relu_41                     |     2|
|75    |    \relu_gen[31].relu_inst  |relu_42                     |     2|
|76    |    \relu_gen[3].relu_inst   |relu_43                     |     2|
|77    |    \relu_gen[4].relu_inst   |relu_44                     |     2|
|78    |    \relu_gen[5].relu_inst   |relu_45                     |     2|
|79    |    \relu_gen[6].relu_inst   |relu_46                     |     2|
|80    |    \relu_gen[7].relu_inst   |relu_47                     |     2|
|81    |    \relu_gen[8].relu_inst   |relu_48                     |     2|
|82    |    \relu_gen[9].relu_inst   |relu_49                     |     2|
|83    |  layer3                     |dense_layer2                |  1947|
|84    |    dense_layer2             |dense_layer__parameterized0 |  1927|
|85    |      \dense_neuron[0]       |neuron__parameterized0      |   219|
|86    |      \dense_neuron[1]       |neuron__parameterized0_9    |   171|
|87    |      \dense_neuron[2]       |neuron__parameterized0_10   |   211|
|88    |      \dense_neuron[3]       |neuron__parameterized0_11   |   187|
|89    |      \dense_neuron[4]       |neuron__parameterized0_12   |   203|
|90    |      \dense_neuron[5]       |neuron__parameterized0_13   |   203|
|91    |      \dense_neuron[6]       |neuron__parameterized0_14   |   212|
|92    |      \dense_neuron[7]       |neuron__parameterized0_15   |   186|
|93    |      \dense_neuron[8]       |neuron__parameterized0_16   |   178|
|94    |      \dense_neuron[9]       |neuron__parameterized0_17   |   154|
|95    |    \relu_gen[0].relu_inst   |relu                        |     2|
|96    |    \relu_gen[1].relu_inst   |relu_0                      |     2|
|97    |    \relu_gen[2].relu_inst   |relu_1                      |     2|
|98    |    \relu_gen[3].relu_inst   |relu_2                      |     2|
|99    |    \relu_gen[4].relu_inst   |relu_3                      |     2|
|100   |    \relu_gen[5].relu_inst   |relu_4                      |     2|
|101   |    \relu_gen[6].relu_inst   |relu_5                      |     2|
|102   |    \relu_gen[7].relu_inst   |relu_6                      |     2|
|103   |    \relu_gen[8].relu_inst   |relu_7                      |     2|
|104   |    \relu_gen[9].relu_inst   |relu_8                      |     2|
|105   |  maxLayer                   |select_max                  |    17|
+------+-----------------------------+----------------------------+------+
---------------------------------------------------------------------------------
Finished Writing Synthesis Report : Time (s): cpu = 00:02:07 ; elapsed = 00:02:57 . Memory (MB): peak = 2557.312 ; gain = 1979.973
---------------------------------------------------------------------------------
Synthesis finished with 0 errors, 0 critical warnings and 1 warnings.
Synthesis Optimization Runtime : Time (s): cpu = 00:02:07 ; elapsed = 00:02:57 . Memory (MB): peak = 2557.312 ; gain = 1979.973
Synthesis Optimization Complete : Time (s): cpu = 00:02:07 ; elapsed = 00:02:57 . Memory (MB): peak = 2557.312 ; gain = 1979.973
