reg__87: neural_net_top__GC0, 
muxpart__74: neural_net_top__GC0, 
muxpart__24: neural_net_top__GC0, 
logic__209: neural_net_top__GC0, 
logic__10: neural_net_top__GC0, 
muxpart__13: neural_net_top__GC0, 
reg__60: neural_net_top__GC0, 
dense_layer2: neural_net_top__GC0, 
muxpart__112: neural_net_top__GC0, 
muxpart__45: neural_net_top__GC0, 
muxpart__94: neural_net_top__GC0, 
muxpart__26: neural_net_top__GC0, 
logic__26: neural_net_top__GC0, 
logic__35: neural_net_top__GC0, 
datapath__18: neural_net_top__GC0, 
datapath__9: neural_net_top__GC0, 
reg__138: neural_net_top__GC0, 
case__16: neural_net_top__GC0, 
reg__180: neural_net_top__GC0, 
reg__89: neural_net_top__GC0, 
muxpart__8: neural_net_top__GC0, 
reg__161: neural_net_top__GC0, 
reg__40: neural_net_top__GC0, 
muxpart__49: neural_net_top__GC0, 
muxpart__86: neural_net_top__GC0, 
muxpart__131: neural_net_top__GC0, 
reg__194: neural_net_top__GC0, 
reg__157: neural_net_top__GC0, 
logic__1: neural_net_top__GC0, 
reg__61: neural_net_top__GC0, 
reg__80: neural_net_top__GC0, 
muxpart__66: neural_net_top__GC0, 
muxpart__19: neural_net_top__GC0, 
muxpart__96: neural_net_top__GC0, 
reg__54: neural_net_top__GC0, 
muxpart__126: neural_net_top__GC0, 
case__3: neural_net_top__GC0, 
muxpart__134: neural_net_top__GC0, 
muxpart__109: neural_net_top__GC0, 
reg__193: neural_net_top__GC0, 
reg__134: neural_net_top__GC0, 
reg__177: neural_net_top__GC0, 
reg__67: neural_net_top__GC0, 
reg__59: neural_net_top__GC0, 
muxpart__88: neural_net_top__GC0, 
reg__120: neural_net_top__GC0, 
datapath__15: neural_net_top__GC0, 
reg__22: neural_net_top__GC0, 
reg__92: neural_net_top__GC0, 
reg__125: neural_net_top__GC0, 
reg__130: neural_net_top__GC0, 
reg__167: neural_net_top__GC0, 
reg__190: neural_net_top__GC0, 
reg__20: neural_net_top__GC0, 
datapath__2: neural_net_top__GC0, 
reg__189: neural_net_top__GC0, 
reg__111: neural_net_top__GC0, 
muxpart__4: neural_net_top__GC0, 
reg__10: neural_net_top__GC0, 
datapath__1: neural_net_top__GC0, 
reg__71: neural_net_top__GC0, 
muxpart__22: neural_net_top__GC0, 
reg__49: neural_net_top__GC0, 
reg__108: neural_net_top__GC0, 
muxpart__16: neural_net_top__GC0, 
muxpart__121: neural_net_top__GC0, 
muxpart__47: neural_net_top__GC0, 
reg__178: neural_net_top__GC0, 
reg__191: neural_net_top__GC0, 
reg__14: neural_net_top__GC0, 
reg__149: neural_net_top__GC0, 
muxpart__90: neural_net_top__GC0, 
case__20: neural_net_top__GC0, 
reg__165: neural_net_top__GC0, 
reg__169: neural_net_top__GC0, 
muxpart__28: neural_net_top__GC0, 
reg__16: neural_net_top__GC0, 
reg__184: neural_net_top__GC0, 
reg__106: neural_net_top__GC0, 
muxpart__33: neural_net_top__GC0, 
muxpart__102: neural_net_top__GC0, 
dense_layer__parameterized0: neural_net_top__GC0, 
muxpart__117: neural_net_top__GC0, 
logic__85: neural_net_top__GC0, 
logic__231: neural_net_top__GC0, 
reg__185: neural_net_top__GC0, 
reg__7: neural_net_top__GC0, 
muxpart__44: neural_net_top__GC0, 
datapath__14: neural_net_top__GC0, 
reg__146: neural_net_top__GC0, 
logic__62: neural_net_top__GC0, 
counter__2: neural_net_top__GC0, 
datapath__4: neural_net_top__GC0, dense_layer1__GC0, 
reg__159: neural_net_top__GC0, 
reg__93: neural_net_top__GC0, 
muxpart__100: neural_net_top__GC0, 
reg__11: neural_net_top__GC0, 
muxpart__52: neural_net_top__GC0, 
reg__154: neural_net_top__GC0, 
muxpart__32: neural_net_top__GC0, 
reg__2: neural_net_top__GC0, 
datapath__20: neural_net_top__GC0, 
case__4: neural_net_top__GC0, 
reg__129: neural_net_top__GC0, 
case__11: neural_net_top__GC0, 
reg__113: neural_net_top__GC0, 
muxpart__95: neural_net_top__GC0, 
reg__56: neural_net_top__GC0, 
logic__89: neural_net_top__GC0, 
reg__107: neural_net_top__GC0, 
datapath__12: neural_net_top__GC0, 
logic__95: neural_net_top__GC0, 
reg__78: neural_net_top__GC0, 
reg__31: neural_net_top__GC0, 
dsp48e2: neural_net_top__GC0, 
neural_net_top__GC0: neural_net_top__GC0, 
reg__197: neural_net_top__GC0, 
reg__62: neural_net_top__GC0, 
case__17: neural_net_top__GC0, 
reg__64: neural_net_top__GC0, 
reg__91: neural_net_top__GC0, 
muxpart__48: neural_net_top__GC0, 
muxpart__39: neural_net_top__GC0, 
reg__97: neural_net_top__GC0, 
reg__115: neural_net_top__GC0, 
reg__43: neural_net_top__GC0, 
reg__42: neural_net_top__GC0, 
reg__73: neural_net_top__GC0, 
reg__8: neural_net_top__GC0, 
reg__63: neural_net_top__GC0, 
reg__81: neural_net_top__GC0, 
muxpart__106: neural_net_top__GC0, 
dense_layer__GC0: dense_layer__GC0, 
reg__164: neural_net_top__GC0, 
muxpart__107: neural_net_top__GC0, 
logic__21: neural_net_top__GC0, 
datapath: neural_net_top__GC0, 
logic__65: neural_net_top__GC0, 
reg__127: neural_net_top__GC0, 
muxpart__35: neural_net_top__GC0, 
logic__79: neural_net_top__GC0, 
reg__44: neural_net_top__GC0, 
reg__202: neural_net_top__GC0, 
reg__175: neural_net_top__GC0, 
reg__51: neural_net_top__GC0, 
reg__206: neural_net_top__GC0, 
logic__38: neural_net_top__GC0, 
reg__144: neural_net_top__GC0, 
reg__195: neural_net_top__GC0, 
dsp48e2__1: neural_net_top__GC0, 
datapath__3: neural_net_top__GC0, dense_layer1__GC0, 
logic__199: dense_layer__GC0, 
muxpart__115: neural_net_top__GC0, 
case__7: neural_net_top__GC0, dense_layer1__GC0, 
reg__98: neural_net_top__GC0, 
muxpart__14: neural_net_top__GC0, 
case: neural_net_top__GC0, 
reg__126: neural_net_top__GC0, 
muxpart__127: neural_net_top__GC0, 
reg__155: neural_net_top__GC0, 
muxpart__10: neural_net_top__GC0, 
muxpart__137: neuron, 
reg__160: neural_net_top__GC0, 
muxpart__78: neural_net_top__GC0, 
dsp48e2__6: neural_net_top__GC0, 
reg__66: neural_net_top__GC0, 
muxpart__122: neural_net_top__GC0, 
muxpart__3: neural_net_top__GC0, 
reg__85: neural_net_top__GC0, 
reg__70: neural_net_top__GC0, 
reg__1: neural_net_top__GC0, 
reg__5: neural_net_top__GC0, 
muxpart__21: neural_net_top__GC0, 
logic__234: neural_net_top__GC0, 
muxpart__56: neural_net_top__GC0, 
muxpart__7: neural_net_top__GC0, 
muxpart__12: neural_net_top__GC0, 
logic__5: neural_net_top__GC0, 
reg__114: neural_net_top__GC0, 
neuron: neuron, 
reg__187: neural_net_top__GC0, 
reg__128: neural_net_top__GC0, 
reg__200: neural_net_top__GC0, 
muxpart__2: neural_net_top__GC0, 
logic__230: neural_net_top__GC0, 
datapath__5: neuron, 
reg__205: neural_net_top__GC0, 
muxpart__92: neural_net_top__GC0, 
muxpart__5: neural_net_top__GC0, 
logic__41: neural_net_top__GC0, 
logic__205: neural_net_top__GC0, 
reg__147: neural_net_top__GC0, 
muxpart__11: neural_net_top__GC0, 
muxpart__111: neural_net_top__GC0, 
muxpart__31: neural_net_top__GC0, 
reg__17: neural_net_top__GC0, 
reg__181: neural_net_top__GC0, 
reg__45: neural_net_top__GC0, 
dsp48e2__4: neural_net_top__GC0, 
reg__15: neural_net_top__GC0, 
reg__100: neural_net_top__GC0, 
reg__24: neural_net_top__GC0, 
logic: neural_net_top__GC0, 
reg__103: neural_net_top__GC0, 
reg__33: neural_net_top__GC0, 
muxpart__62: neural_net_top__GC0, 
muxpart__64: neural_net_top__GC0, 
muxpart__20: neural_net_top__GC0, 
reg__131: neural_net_top__GC0, 
muxpart__54: neural_net_top__GC0, 
datapath__8: neural_net_top__GC0, 
muxpart__1: neural_net_top__GC0, 
reg__90: neural_net_top__GC0, 
muxpart__124: neural_net_top__GC0, 
reg__32: neural_net_top__GC0, 
reg__28: neural_net_top__GC0, 
reg__156: neural_net_top__GC0, 
case__14: neural_net_top__GC0, 
reg__150: neural_net_top__GC0, 
reg__183: neural_net_top__GC0, 
logic__57: neural_net_top__GC0, 
muxpart__104: neural_net_top__GC0, 
logic__59: neural_net_top__GC0, 
reg__76: neural_net_top__GC0, 
dsp48e2__3: neural_net_top__GC0, 
muxpart__15: neural_net_top__GC0, 
logic__210: neural_net_top__GC0, 
muxpart__144: neural_net_top__GC0, 
reg__48: neural_net_top__GC0, 
reg__204: neural_net_top__GC0, 
reg__188: neural_net_top__GC0, 
datapath__11: neural_net_top__GC0, 
muxpart__141: neural_net_top__GC0, 
muxpart__41: neural_net_top__GC0, 
reg__58: neural_net_top__GC0, 
logic__2: neural_net_top__GC0, 
reg__9: neural_net_top__GC0, 
reg__37: neural_net_top__GC0, 
muxpart__142: neural_net_top__GC0, 
reg__46: neural_net_top__GC0, 
muxpart__129: neural_net_top__GC0, 
datapath__17: neural_net_top__GC0, 
reg__168: neural_net_top__GC0, 
reg__182: neural_net_top__GC0, 
counter: neural_net_top__GC0, 
muxpart__38: neural_net_top__GC0, 
reg__29: neural_net_top__GC0, 
logic__225: neural_net_top__GC0, 
case__10: neural_net_top__GC0, 
muxpart__42: neural_net_top__GC0, 
muxpart__132: neural_net_top__GC0, 
muxpart__119: neural_net_top__GC0, 
muxpart__29: neural_net_top__GC0, 
reg__13: neural_net_top__GC0, 
reg__124: neural_net_top__GC0, 
logic__189: neuron, 
logic__73: neural_net_top__GC0, 
muxpart__36: neural_net_top__GC0, 
reg__6: neural_net_top__GC0, 
muxpart__114: neural_net_top__GC0, 
muxpart__138: neuron, 
case__6: neural_net_top__GC0, dense_layer1__GC0, 
reg__68: neural_net_top__GC0, 
counter__1: neuron, 
reg__72: neural_net_top__GC0, 
reg__26: neural_net_top__GC0, 
muxpart__130: neural_net_top__GC0, 
reg__192: neural_net_top__GC0, 
avg_pooling_layer: neural_net_top__GC0, 
logic__76: neural_net_top__GC0, 
muxpart__80: neural_net_top__GC0, 
logic__51: neural_net_top__GC0, 
reg__75: neural_net_top__GC0, 
muxpart__101: neural_net_top__GC0, 
reg__123: neural_net_top__GC0, 
reg__139: neural_net_top__GC0, 
muxpart__34: neural_net_top__GC0, 
reg__3: neural_net_top__GC0, 
muxpart__40: neural_net_top__GC0, 
reg__151: neural_net_top__GC0, 
reg__12: neural_net_top__GC0, 
reg__99: neural_net_top__GC0, 
reg__112: neural_net_top__GC0, 
reg__152: neural_net_top__GC0, 
muxpart__97: neural_net_top__GC0, 
relu: neural_net_top__GC0, dense_layer1__GC0, 
reg__117: neural_net_top__GC0, 
muxpart__76: neural_net_top__GC0, 
logic__24: neural_net_top__GC0, 
muxpart__17: neural_net_top__GC0, 
reg__34: neural_net_top__GC0, 
reg__50: neural_net_top__GC0, 
reg__176: neural_net_top__GC0, 
reg__84: neural_net_top__GC0, 
reg__21: neural_net_top__GC0, 
datapath__19: neural_net_top__GC0, 
reg__122: neural_net_top__GC0, 
reg__4: neural_net_top__GC0, 
muxpart__145: neural_net_top__GC0, 
reg__65: neural_net_top__GC0, 
reg__53: neural_net_top__GC0, 
muxpart__125: neural_net_top__GC0, 
reg__118: neural_net_top__GC0, 
reg__133: neural_net_top__GC0, 
reg__39: neural_net_top__GC0, 
reg__95: neural_net_top__GC0, 
muxpart__27: neural_net_top__GC0, 
reg__186: neural_net_top__GC0, 
reg__166: neural_net_top__GC0, 
muxpart__46: neural_net_top__GC0, 
muxpart__140: neuron, 
reg__142: neural_net_top__GC0, 
reg__173: neural_net_top__GC0, 
logic__68: neural_net_top__GC0, 
case__9: neuron, 
reg__88: neural_net_top__GC0, 
datapath__13: neural_net_top__GC0, 
reg__18: neural_net_top__GC0, 
reg__196: neural_net_top__GC0, 
muxpart__18: neural_net_top__GC0, 
reg__158: neural_net_top__GC0, 
reg__79: neural_net_top__GC0, 
neuron__parameterized0: neural_net_top__GC0, 
reg__83: neural_net_top__GC0, 
logic__15: neural_net_top__GC0, 
muxpart__116: neural_net_top__GC0, 
reg__141: neural_net_top__GC0, 
reg__104: neural_net_top__GC0, 
logic__6: neural_net_top__GC0, 
muxpart__143: neural_net_top__GC0, 
reg__82: neural_net_top__GC0, 
muxpart__105: neural_net_top__GC0, 
muxpart__136: neural_net_top__GC0, 
reg__119: neural_net_top__GC0, 
reg__153: neural_net_top__GC0, 
reg__38: neural_net_top__GC0, 
logic__8: neural_net_top__GC0, 
logic__54: neural_net_top__GC0, 
case__1: neural_net_top__GC0, 
muxpart__50: neural_net_top__GC0, 
logic__198: neuron, 
datapath__16: neural_net_top__GC0, 
muxpart__110: neural_net_top__GC0, 
reg__27: neural_net_top__GC0, 
case__12: neural_net_top__GC0, 
reg__199: dense_layer__GC0, 
logic__82: neural_net_top__GC0, 
reg__135: neural_net_top__GC0, 
datapath__10: neural_net_top__GC0, 
muxpart__84: neural_net_top__GC0, 
muxpart__43: neural_net_top__GC0, 
reg__94: neural_net_top__GC0, 
reg__96: neural_net_top__GC0, 
reg__52: neural_net_top__GC0, 
reg__137: neural_net_top__GC0, 
datapath__6: neuron, 
muxpart__135: neural_net_top__GC0, 
logic__70: neural_net_top__GC0, 
reg__30: neural_net_top__GC0, 
muxpart__30: neural_net_top__GC0, 
reg__109: neural_net_top__GC0, 
muxpart__51: neural_net_top__GC0, 
reg__69: neural_net_top__GC0, 
reg__105: neural_net_top__GC0, 
muxpart__9: neural_net_top__GC0, 
case__13: neural_net_top__GC0, 
logic__206: neural_net_top__GC0, 
reg: neural_net_top__GC0, 
muxpart__70: neural_net_top__GC0, 
muxpart__58: neural_net_top__GC0, 
logic__45: neural_net_top__GC0, 
reg__116: neural_net_top__GC0, 
reg__74: neural_net_top__GC0, 
reg__36: neural_net_top__GC0, 
reg__77: neural_net_top__GC0, 
case__8: neuron, 
reg__101: neural_net_top__GC0, 
logic__29: neural_net_top__GC0, 
reg__148: neural_net_top__GC0, 
reg__57: neural_net_top__GC0, 
avg_pooling: neural_net_top__GC0, 
reg__198: neuron, 
logic__18: neural_net_top__GC0, 
dense_layer1__GC0: dense_layer1__GC0, 
reg__25: neural_net_top__GC0, 
logic__200: neural_net_top__GC0, 
reg__140: neural_net_top__GC0, 
select_max: neural_net_top__GC0, 
reg__19: neural_net_top__GC0, 
reg__171: neural_net_top__GC0, 
muxpart: neural_net_top__GC0, 
logic__13: neural_net_top__GC0, 
reg__23: neural_net_top__GC0, 
reg__55: neural_net_top__GC0, 
muxpart__25: neural_net_top__GC0, 
case__2: neural_net_top__GC0, 
logic__192: neuron, 
muxpart__72: neural_net_top__GC0, 
reg__121: neural_net_top__GC0, 
reg__47: neural_net_top__GC0, 
reg__201: neural_net_top__GC0, 
reg__41: neural_net_top__GC0, 
muxpart__6: neural_net_top__GC0, 
muxpart__60: neural_net_top__GC0, 
reg__162: neural_net_top__GC0, 
logic__32: neural_net_top__GC0, 
dsp48e2__2: neural_net_top__GC0, 
muxpart__37: neural_net_top__GC0, 
reg__35: neural_net_top__GC0, 
reg__163: neural_net_top__GC0, 
reg__86: neural_net_top__GC0, 
reg__145: neural_net_top__GC0, 
reg__172: neural_net_top__GC0, 
muxpart__139: neuron, 
reg__170: neural_net_top__GC0, 
reg__179: neural_net_top__GC0, 
muxpart__68: neural_net_top__GC0, 
muxpart__82: neural_net_top__GC0, 
reg__143: neural_net_top__GC0, 
reg__132: neural_net_top__GC0, 
reg__136: neural_net_top__GC0, 
dsp48e2__5: neuron, 
reg__203: neural_net_top__GC0, 
muxpart__99: neural_net_top__GC0, 
datapath__7: neural_net_top__GC0, 
reg__110: neural_net_top__GC0, 
reg__102: neural_net_top__GC0, 
logic__195: neuron, 
case__15: neural_net_top__GC0, 
logic__203: neural_net_top__GC0, 
muxpart__23: neural_net_top__GC0, 
muxpart__120: neural_net_top__GC0, 
case__5: neural_net_top__GC0, 
reg__174: neural_net_top__GC0, 
logic__194: neuron, 
