Time resolution is 1 ps
time = 5010000, input = 0, output = 0, NN_done = 1
pool out: '{0,0,0,0,0,0,0,0,0,0,0,0,0,0,0,0,0,0,0,0,0,0,0,0,0,0,0,0,0,0,0,0,0,0,112,239,34,0,0,0,0,0,0,0,0,0,0,80,237,252,96,15,0,0,0,0,0,0,0,0,45,253,252,247,244,194,0,0,0,0,0,0,0,8,191,252,214,58,55,245,115,1,0,0,0,0,0,18,251,168,5,0,0,147,252,17,0,0,0,0,0,44,252,0,0,0,0,148,253,49,0,0,0,0,0,108,251,0,0,0,119,246,191,7,0,0,0,0,0,108,252,36,120,172,244,252,45,0,0,0,0,0,0,36,245,252,251,252,230,110,0,0,0,0,0,0,0,0,51,187,231,161,34,0,0,0,0,0,0,0,0,0,0,0,0,0,0,0,0,0,0,0,0,0,0,0,0,0,0,0,0,0,0,0,0,0}
time = 10030000, input = 1, output = 1, NN_done = 1
pool out: '{0,0,0,0,0,0,0,0,0,0,0,0,0,0,0,0,0,0,0,0,0,0,0,0,0,0,0,0,0,0,0,0,0,0,0,0,157,47,0,0,0,0,0,0,0,0,0,0,0,11,192,0,0,0,0,0,0,0,0,0,0,0,0,71,137,0,0,0,0,0,0,0,0,0,0,0,0,158,102,0,0,0,0,0,0,0,0,0,0,0,14,209,21,0,0,0,0,0,0,0,0,0,0,0,73,188,0,0,0,0,0,0,0,0,0,0,0,0,157,93,0,0,0,0,0,0,0,0,0,0,0,0,221,52,0,0,0,0,0,0,0,0,0,0,0,50,241,17,0,0,0,0,0,0,0,0,0,0,0,107,140,0,0,0,0,0,0,0,0,0,0,0,0,0,0,0,0,0,0,0,0,0,0,0,0,0,0,0,0,0,0,0,0,0,0,0}
time = 15050000, input = 2, output = 2, NN_done = 1
pool out: '{0,0,0,0,0,0,0,0,0,0,0,0,0,0,0,0,0,0,0,60,106,101,23,0,0,0,0,0,0,0,0,0,147,253,215,233,155,0,0,0,0,0,0,0,0,32,241,66,3,145,177,0,0,0,0,0,0,0,0,0,12,0,29,240,131,0,0,0,0,0,0,0,0,0,0,0,176,220,15,0,0,0,0,0,0,0,0,0,0,108,246,51,0,0,0,0,0,0,0,0,0,0,19,238,148,0,0,0,0,0,0,0,0,0,0,0,151,233,38,0,0,0,0,0,0,0,0,0,0,0,250,143,10,10,1,6,14,75,74,2,0,0,0,0,232,253,253,253,204,231,250,230,185,45,0,0,0,0,29,61,72,126,102,61,10,0,0,0,0,0,0,0,0,0,0,0,0,0,0,0,0,0,0,0,0,0,0,0,0,0,0,0,0,0,0,0}
time = 20070000, input = 3, output = 3, NN_done = 1
pool out: '{0,0,0,0,0,0,0,0,0,0,0,0,0,0,0,0,0,0,0,0,0,0,0,0,0,0,0,0,0,0,3,108,199,115,4,0,0,0,0,0,0,0,0,0,58,252,188,212,199,34,0,0,0,0,0,0,0,0,109,179,0,15,184,230,43,0,0,0,0,0,0,0,83,142,25,69,57,222,178,0,0,0,0,0,0,0,27,108,140,253,253,253,245,149,24,0,0,0,0,0,0,0,18,85,134,145,134,223,242,69,0,0,0,0,0,0,79,96,0,0,0,14,173,232,18,0,0,0,0,0,113,252,29,0,0,0,38,252,84,0,0,0,0,0,3,168,219,134,124,153,240,239,41,0,0,0,0,0,0,0,69,135,179,180,123,36,0,0,0,0,0,0,0,0,0,0,0,0,0,0,0,0,0,0,0,0,0,0,0,0,0,0,0,0,0,0}
time = 25090000, input = 4, output = 4, NN_done = 1
pool out: '{0,0,0,0,0,0,0,0,0,0,0,0,0,0,0,0,0,0,0,0,0,0,0,0,0,0,0,0,0,0,0,0,0,68,0,0,0,17,7,0,0,0,0,0,0,0,1,194,0,0,0,61,97,0,0,0,0,0,0,0,87,153,0,0,0,76,136,0,0,0,0,0,0,21,217,13,0,0,0,166,117,0,0,0,0,0,0,102,152,0,0,0,41,236,16,0,0,0,0,0,0,121,97,0,0,0,111,194,0,0,0,0,0,0,0,52,216,168,168,189,237,154,0,0,0,0,0,0,0,0,12,42,42,0,198,137,0,0,0,0,0,0,0,0,0,0,0,0,190,126,0,0,0,0,0,0,0,0,0,0,0,0,213,88,0,0,0,0,0,0,0,0,0,0,0,0,61,0,0,0,0,0,0,0,0,0,0,0,0,0,0,0,0,0,0,0}
time = 30110000, input = 5, output = 6, NN_done = 1
pool out: '{0,0,0,0,0,0,0,0,0,0,0,0,0,0,0,0,0,0,0,0,0,0,0,0,0,0,0,0,0,0,0,0,0,0,0,18,96,150,132,178,75,0,0,0,0,0,0,0,123,250,253,253,222,211,105,0,0,0,0,2,152,37,81,123,73,22,2,0,0,0,0,0,3,142,158,2,0,0,0,0,0,0,0,0,0,0,60,225,7,0,0,0,0,0,0,0,0,0,0,0,122,251,170,59,51,21,28,0,0,0,0,0,0,0,35,194,244,253,253,253,247,136,0,0,0,0,0,0,0,0,16,98,252,177,230,214,0,0,0,0,0,0,0,0,0,14,231,236,252,146,0,0,0,0,0,0,0,0,0,0,50,181,92,0,0,0,0,0,0,0,0,0,0,0,0,0,0,0,0,0,0,0,0,0,0,0,0,0,0,0,0,0,0,0,0,0}
time = 35130000, input = 6, output = 6, NN_done = 1
pool out: '{0,0,0,0,0,0,0,0,0,0,0,0,0,0,0,0,0,0,0,52,107,0,0,0,0,0,0,0,0,0,0,0,31,210,108,0,0,0,0,0,0,0,0,0,0,0,73,166,0,0,0,0,0,0,0,0,0,0,0,0,170,98,0,0,0,35,30,0,0,0,0,0,0,2,233,24,1,70,221,226,242,96,0,0,0,0,0,67,191,0,139,235,101,7,79,154,0,0,0,0,0,95,183,46,226,39,0,0,73,101,0,0,0,0,0,98,182,47,229,35,0,0,180,56,0,0,0,0,0,108,199,2,57,139,49,193,124,0,0,0,0,0,0,7,175,195,154,208,228,78,0,0,0,0,0,0,0,0,4,60,95,69,10,0,0,0,0,0,0,0,0,0,0,0,0,0,0,0,0,0,0,0,0,0,0,0,0,0,0,0,0,0,0,0,0,0}
time = 40150000, input = 7, output = 7, NN_done = 1
pool out: '{0,0,0,0,0,0,0,0,0,0,0,0,0,0,0,0,0,0,0,0,0,0,0,0,0,0,0,0,0,0,0,0,0,0,0,0,0,0,0,0,0,0,0,0,0,67,77,24,0,0,0,0,0,0,0,0,0,0,0,164,173,221,218,226,225,219,154,0,0,0,0,0,0,0,0,4,20,33,31,148,146,0,0,0,0,0,0,0,0,0,0,0,37,245,31,0,0,0,0,0,0,0,0,0,0,0,173,127,0,0,0,0,0,0,0,0,0,0,0,33,222,14,0,0,0,0,0,0,0,0,0,0,4,200,115,0,0,0,0,0,0,0,0,0,0,0,124,201,8,0,0,0,0,0,0,0,0,0,0,41,246,42,0,0,0,0,0,0,0,0,0,0,0,169,245,23,0,0,0,0,0,0,0,0,0,0,0,93,56,0,0,0,0,0,0,0}
time = 45170000, input = 8, output = 8, NN_done = 1
pool out: '{0,0,0,0,0,0,0,0,0,0,0,0,0,0,0,0,0,0,0,0,0,0,0,0,0,0,0,0,0,0,0,0,0,0,10,23,0,0,0,0,0,0,0,0,0,0,0,50,216,253,230,230,180,62,0,0,0,0,0,0,48,240,167,63,38,38,132,219,0,0,0,0,0,0,60,253,29,0,0,8,199,219,0,0,0,0,0,0,0,155,182,10,86,228,217,54,0,0,0,0,0,0,0,29,236,240,203,93,4,0,0,0,0,0,6,90,186,236,171,243,97,0,0,0,0,0,0,0,194,253,178,86,138,251,138,0,0,0,0,0,0,0,33,159,213,230,230,155,8,0,0,0,0,0,0,0,0,0,0,0,0,0,0,0,0,0,0,0,0,0,0,0,0,0,0,0,0,0,0,0,0,0,0,0,0,0,0,0,0,0,0,0,0,0,0,0}
time = 50190000, input = 9, output = 9, NN_done = 1
pool out: '{0,0,0,0,0,0,0,0,0,0,0,0,0,0,0,0,0,0,0,0,0,0,0,0,0,0,0,0,0,0,0,0,0,0,0,0,0,0,0,0,0,0,0,0,0,0,0,82,212,6,0,0,0,0,0,0,0,0,0,0,43,249,253,168,30,0,0,0,0,0,0,0,0,0,151,163,136,244,177,4,0,0,0,0,0,0,0,0,191,58,0,230,208,3,0,0,0,0,0,0,0,0,148,188,189,177,239,48,0,0,0,0,0,0,0,0,17,180,138,2,143,168,0,0,0,0,0,0,0,0,0,0,0,0,22,224,36,0,0,0,0,0,0,0,0,0,0,0,0,102,179,2,0,0,0,0,0,0,0,0,0,0,0,5,189,52,0,0,0,0,0,0,0,0,0,0,0,0,50,146,0,0,0,0,0,0,0,0,0,0,0,0,0,0,0,0}
$finish called at time : 50200 ns : File "E:/VerilogProjects/Digit_Classification_FFN/Digit_Classification_FFN.srcs/sim_1/new/NN_tb.sv" Line 120
